-- The C compiler identification is GNU 11.4.0
-- The CXX compiler identification is GNU 11.4.0
-- Detecting C compiler ABI info
-- Detecting C compiler ABI info - done
-- Check for working C compiler: /usr/bin/cc - skipped
-- Detecting C compile features
-- Detecting C compile features - done
-- Detecting CXX compiler ABI info
-- Detecting CXX compiler ABI info - done
-- Check for working CXX compiler: /usr/bin/c++ - skipped
-- Detecting CXX compile features
-- Detecting CXX compile features - done
-- Found ament_cmake: 1.3.11 (/opt/ros/humble/share/ament_cmake/cmake)
-- Found Python3: /usr/bin/python3 (found version "3.10.12") found components: Interpreter 
-- Override CMake install command with custom implementation using symlinks instead of copying resources
-- Found rclcpp: 16.0.12 (/opt/ros/humble/share/rclcpp/cmake)
-- Found rosidl_generator_c: 3.1.6 (/opt/ros/humble/share/rosidl_generator_c/cmake)
-- Found rosidl_adapter: 3.1.6 (/opt/ros/humble/share/rosidl_adapter/cmake)
-- Found rosidl_generator_cpp: 3.1.6 (/opt/ros/humble/share/rosidl_generator_cpp/cmake)
-- Using all available rosidl_typesupport_c: rosidl_typesupport_fastrtps_c;rosidl_typesupport_introspection_c
-- Using all available rosidl_typesupport_cpp: rosidl_typesupport_fastrtps_cpp;rosidl_typesupport_introspection_cpp
-- Found rmw_implementation_cmake: 6.1.2 (/opt/ros/humble/share/rmw_implementation_cmake/cmake)
-- Found rmw_fastrtps_cpp: 6.2.7 (/opt/ros/humble/share/rmw_fastrtps_cpp/cmake)
-- Found OpenSSL: /usr/lib/x86_64-linux-gnu/libcrypto.so (found version "3.0.2")  
-- Found FastRTPS: /opt/ros/humble/include  
-- Using RMW implementation 'rmw_fastrtps_cpp' as default
-- Looking for pthread.h
-- Looking for pthread.h - found
-- Performing Test CMAKE_HAVE_LIBC_PTHREAD
-- Performing Test CMAKE_HAVE_LIBC_PTHREAD - Success
-- Found Threads: TRUE  
-- Found phasespace_msgs: 0.0.0 (/home/lingfan/ros2_ws/install/phasespace_msgs/share/phasespace_msgs/cmake)
-- Configuring done
-- Generating done
-- Build files have been written to: /home/lingfan/ros2_ws/build/phasespace_client
[ 16%] [32mBuilding CXX object CMakeFiles/phasespace_client.dir/src/psnode.cpp.o[0m
[ 33%] [32mBuilding CXX object CMakeFiles/listener.dir/src/listener.cpp.o[0m
[ 50%] [32m[1mLinking CXX static library libphasespace_client.a[0m
[ 50%] Built target phasespace_client
[ 66%] [32mBuilding CXX object CMakeFiles/phasespace_client_node.dir/src/psnode.cpp.o[0m
[ 83%] [32m[1mLinking CXX executable listener[0m
[ 83%] Built target listener
[100%] [32m[1mLinking CXX executable phasespace_client_node[0m
[100%] Built target phasespace_client_node
-- Install configuration: "Release"
-- Execute custom install script
-- Symlinking: /home/lingfan/ros2_ws/install/phasespace_client/lib/phasespace_client/listener
-- Symlinking: /home/lingfan/ros2_ws/install/phasespace_client/lib/phasespace_client/phasespace_client_node
-- Symlinking: /home/lingfan/ros2_ws/install/phasespace_client/share/phasespace_client/launch/phasespace.launch.py
-- Symlinking: /home/lingfan/ros2_ws/install/phasespace_client/share/ament_index/resource_index/package_run_dependencies/phasespace_client
-- Symlinking: /home/lingfan/ros2_ws/install/phasespace_client/share/ament_index/resource_index/parent_prefix_path/phasespace_client
-- Symlinking: /home/lingfan/ros2_ws/install/phasespace_client/share/phasespace_client/environment/ament_prefix_path.sh
-- Symlinking: /home/lingfan/ros2_ws/install/phasespace_client/share/phasespace_client/environment/ament_prefix_path.dsv
-- Symlinking: /home/lingfan/ros2_ws/install/phasespace_client/share/phasespace_client/environment/path.sh
-- Symlinking: /home/lingfan/ros2_ws/install/phasespace_client/share/phasespace_client/environment/path.dsv
-- Symlinking: /home/lingfan/ros2_ws/install/phasespace_client/share/phasespace_client/local_setup.bash
-- Symlinking: /home/lingfan/ros2_ws/install/phasespace_client/share/phasespace_client/local_setup.sh
-- Symlinking: /home/lingfan/ros2_ws/install/phasespace_client/share/phasespace_client/local_setup.zsh
-- Symlinking: /home/lingfan/ros2_ws/install/phasespace_client/share/phasespace_client/local_setup.dsv
-- Symlinking: /home/lingfan/ros2_ws/install/phasespace_client/share/phasespace_client/package.dsv
-- Symlinking: /home/lingfan/ros2_ws/install/phasespace_client/share/ament_index/resource_index/packages/phasespace_client
-- Symlinking: /home/lingfan/ros2_ws/install/phasespace_client/share/phasespace_client/cmake/phasespace_clientConfig.cmake
-- Symlinking: /home/lingfan/ros2_ws/install/phasespace_client/share/phasespace_client/cmake/phasespace_clientConfig-version.cmake
-- Symlinking: /home/lingfan/ros2_ws/install/phasespace_client/share/phasespace_client/package.xml
