[0.064s] DEBUG:colcon:Command line arguments: ['/usr/bin/colcon', 'build', '--symlink-install']
[0.064s] DEBUG:colcon:Parsed command line arguments: Namespace(log_base=None, log_level=None, verb_name='build', build_base='build', install_base='install', merge_install=False, symlink_install=True, test_result_base=None, continue_on_error=False, executor='parallel', parallel_workers=16, event_handlers=None, ignore_user_meta=False, metas=['./colcon.meta'], base_paths=['.'], packages_ignore=None, packages_ignore_regex=None, paths=None, packages_up_to=None, packages_up_to_regex=None, packages_above=None, packages_above_and_dependencies=None, packages_above_depth=None, packages_select_by_dep=None, packages_skip_by_dep=None, packages_skip_up_to=None, packages_select_build_failed=False, packages_skip_build_finished=False, packages_select_test_failures=False, packages_skip_test_passed=False, packages_select=None, packages_skip=None, packages_select_regex=None, packages_skip_regex=None, packages_start=None, packages_end=None, allow_overriding=[], cmake_args=None, cmake_target=None, cmake_target_skip_unavailable=False, cmake_clean_cache=False, cmake_clean_first=False, cmake_force_configure=False, ament_cmake_args=None, catkin_cmake_args=None, catkin_skip_building_tests=False, verb_parser=<colcon_defaults.argument_parser.defaults.DefaultArgumentsDecorator object at 0x75bc1302f040>, verb_extension=<colcon_core.verb.build.BuildVerb object at 0x75bc13160460>, main=<bound method BuildVerb.main of <colcon_core.verb.build.BuildVerb object at 0x75bc13160460>>)
[0.157s] Level 1:colcon.colcon_core.package_discovery:discover_packages(colcon_meta) check parameters
[0.157s] Level 1:colcon.colcon_core.package_discovery:discover_packages(recursive) check parameters
[0.157s] Level 1:colcon.colcon_core.package_discovery:discover_packages(ignore) check parameters
[0.157s] Level 1:colcon.colcon_core.package_discovery:discover_packages(path) check parameters
[0.157s] Level 1:colcon.colcon_core.package_discovery:discover_packages(colcon_meta) discover
[0.157s] Level 1:colcon.colcon_core.package_discovery:discover_packages(recursive) discover
[0.157s] INFO:colcon.colcon_core.package_discovery:Crawling recursively for packages in '/home/lingfan/ros2_ws'
[0.157s] Level 1:colcon.colcon_core.package_identification:_identify(.) by extensions ['ignore', 'ignore_ament_install']
[0.157s] Level 1:colcon.colcon_core.package_identification:_identify(.) by extension 'ignore'
[0.157s] Level 1:colcon.colcon_core.package_identification:_identify(.) by extension 'ignore_ament_install'
[0.157s] Level 1:colcon.colcon_core.package_identification:_identify(.) by extensions ['colcon_pkg']
[0.157s] Level 1:colcon.colcon_core.package_identification:_identify(.) by extension 'colcon_pkg'
[0.157s] Level 1:colcon.colcon_core.package_identification:_identify(.) by extensions ['colcon_meta']
[0.157s] Level 1:colcon.colcon_core.package_identification:_identify(.) by extension 'colcon_meta'
[0.157s] Level 1:colcon.colcon_core.package_identification:_identify(.) by extensions ['ros']
[0.157s] Level 1:colcon.colcon_core.package_identification:_identify(.) by extension 'ros'
[0.165s] Level 1:colcon.colcon_core.package_identification:_identify(.) by extensions ['cmake', 'python']
[0.165s] Level 1:colcon.colcon_core.package_identification:_identify(.) by extension 'cmake'
[0.165s] Level 1:colcon.colcon_core.package_identification:_identify(.) by extension 'python'
[0.165s] Level 1:colcon.colcon_core.package_identification:_identify(.) by extensions ['python_setup_py']
[0.165s] Level 1:colcon.colcon_core.package_identification:_identify(.) by extension 'python_setup_py'
[0.165s] Level 1:colcon.colcon_core.package_identification:_identify(build) by extensions ['ignore', 'ignore_ament_install']
[0.165s] Level 1:colcon.colcon_core.package_identification:_identify(build) by extension 'ignore'
[0.165s] Level 1:colcon.colcon_core.package_identification:_identify(build) ignored
[0.165s] Level 1:colcon.colcon_core.package_identification:_identify(install) by extensions ['ignore', 'ignore_ament_install']
[0.166s] Level 1:colcon.colcon_core.package_identification:_identify(install) by extension 'ignore'
[0.166s] Level 1:colcon.colcon_core.package_identification:_identify(install) ignored
[0.166s] Level 1:colcon.colcon_core.package_identification:_identify(log) by extensions ['ignore', 'ignore_ament_install']
[0.166s] Level 1:colcon.colcon_core.package_identification:_identify(log) by extension 'ignore'
[0.166s] Level 1:colcon.colcon_core.package_identification:_identify(log) ignored
[0.166s] Level 1:colcon.colcon_core.package_identification:_identify(src) by extensions ['ignore', 'ignore_ament_install']
[0.166s] Level 1:colcon.colcon_core.package_identification:_identify(src) by extension 'ignore'
[0.166s] Level 1:colcon.colcon_core.package_identification:_identify(src) by extension 'ignore_ament_install'
[0.166s] Level 1:colcon.colcon_core.package_identification:_identify(src) by extensions ['colcon_pkg']
[0.166s] Level 1:colcon.colcon_core.package_identification:_identify(src) by extension 'colcon_pkg'
[0.166s] Level 1:colcon.colcon_core.package_identification:_identify(src) by extensions ['colcon_meta']
[0.166s] Level 1:colcon.colcon_core.package_identification:_identify(src) by extension 'colcon_meta'
[0.166s] Level 1:colcon.colcon_core.package_identification:_identify(src) by extensions ['ros']
[0.166s] Level 1:colcon.colcon_core.package_identification:_identify(src) by extension 'ros'
[0.166s] Level 1:colcon.colcon_core.package_identification:_identify(src) by extensions ['cmake', 'python']
[0.166s] Level 1:colcon.colcon_core.package_identification:_identify(src) by extension 'cmake'
[0.166s] Level 1:colcon.colcon_core.package_identification:_identify(src) by extension 'python'
[0.166s] Level 1:colcon.colcon_core.package_identification:_identify(src) by extensions ['python_setup_py']
[0.166s] Level 1:colcon.colcon_core.package_identification:_identify(src) by extension 'python_setup_py'
[0.166s] Level 1:colcon.colcon_core.package_identification:_identify(src/phasespace_ros_node-main) by extensions ['ignore', 'ignore_ament_install']
[0.166s] Level 1:colcon.colcon_core.package_identification:_identify(src/phasespace_ros_node-main) by extension 'ignore'
[0.166s] Level 1:colcon.colcon_core.package_identification:_identify(src/phasespace_ros_node-main) by extension 'ignore_ament_install'
[0.166s] Level 1:colcon.colcon_core.package_identification:_identify(src/phasespace_ros_node-main) by extensions ['colcon_pkg']
[0.166s] Level 1:colcon.colcon_core.package_identification:_identify(src/phasespace_ros_node-main) by extension 'colcon_pkg'
[0.166s] Level 1:colcon.colcon_core.package_identification:_identify(src/phasespace_ros_node-main) by extensions ['colcon_meta']
[0.166s] Level 1:colcon.colcon_core.package_identification:_identify(src/phasespace_ros_node-main) by extension 'colcon_meta'
[0.166s] Level 1:colcon.colcon_core.package_identification:_identify(src/phasespace_ros_node-main) by extensions ['ros']
[0.166s] Level 1:colcon.colcon_core.package_identification:_identify(src/phasespace_ros_node-main) by extension 'ros'
[0.166s] Level 1:colcon.colcon_core.package_identification:_identify(src/phasespace_ros_node-main) by extensions ['cmake', 'python']
[0.166s] Level 1:colcon.colcon_core.package_identification:_identify(src/phasespace_ros_node-main) by extension 'cmake'
[0.166s] Level 1:colcon.colcon_core.package_identification:_identify(src/phasespace_ros_node-main) by extension 'python'
[0.166s] Level 1:colcon.colcon_core.package_identification:_identify(src/phasespace_ros_node-main) by extensions ['python_setup_py']
[0.166s] Level 1:colcon.colcon_core.package_identification:_identify(src/phasespace_ros_node-main) by extension 'python_setup_py'
[0.166s] Level 1:colcon.colcon_core.package_identification:_identify(src/phasespace_ros_node-main/phasespace_client) by extensions ['ignore', 'ignore_ament_install']
[0.166s] Level 1:colcon.colcon_core.package_identification:_identify(src/phasespace_ros_node-main/phasespace_client) by extension 'ignore'
[0.166s] Level 1:colcon.colcon_core.package_identification:_identify(src/phasespace_ros_node-main/phasespace_client) by extension 'ignore_ament_install'
[0.167s] Level 1:colcon.colcon_core.package_identification:_identify(src/phasespace_ros_node-main/phasespace_client) by extensions ['colcon_pkg']
[0.167s] Level 1:colcon.colcon_core.package_identification:_identify(src/phasespace_ros_node-main/phasespace_client) by extension 'colcon_pkg'
[0.167s] Level 1:colcon.colcon_core.package_identification:_identify(src/phasespace_ros_node-main/phasespace_client) by extensions ['colcon_meta']
[0.167s] Level 1:colcon.colcon_core.package_identification:_identify(src/phasespace_ros_node-main/phasespace_client) by extension 'colcon_meta'
[0.167s] Level 1:colcon.colcon_core.package_identification:_identify(src/phasespace_ros_node-main/phasespace_client) by extensions ['ros']
[0.167s] Level 1:colcon.colcon_core.package_identification:_identify(src/phasespace_ros_node-main/phasespace_client) by extension 'ros'
[0.168s] DEBUG:colcon.colcon_core.package_identification:Package 'src/phasespace_ros_node-main/phasespace_client' with type 'ros.ament_cmake' and name 'phasespace_client'
[0.168s] Level 1:colcon.colcon_core.package_identification:_identify(src/phasespace_ros_node-main/phasespace_msgs) by extensions ['ignore', 'ignore_ament_install']
[0.168s] Level 1:colcon.colcon_core.package_identification:_identify(src/phasespace_ros_node-main/phasespace_msgs) by extension 'ignore'
[0.168s] Level 1:colcon.colcon_core.package_identification:_identify(src/phasespace_ros_node-main/phasespace_msgs) by extension 'ignore_ament_install'
[0.168s] Level 1:colcon.colcon_core.package_identification:_identify(src/phasespace_ros_node-main/phasespace_msgs) by extensions ['colcon_pkg']
[0.168s] Level 1:colcon.colcon_core.package_identification:_identify(src/phasespace_ros_node-main/phasespace_msgs) by extension 'colcon_pkg'
[0.168s] Level 1:colcon.colcon_core.package_identification:_identify(src/phasespace_ros_node-main/phasespace_msgs) by extensions ['colcon_meta']
[0.168s] Level 1:colcon.colcon_core.package_identification:_identify(src/phasespace_ros_node-main/phasespace_msgs) by extension 'colcon_meta'
[0.168s] Level 1:colcon.colcon_core.package_identification:_identify(src/phasespace_ros_node-main/phasespace_msgs) by extensions ['ros']
[0.168s] Level 1:colcon.colcon_core.package_identification:_identify(src/phasespace_ros_node-main/phasespace_msgs) by extension 'ros'
[0.169s] DEBUG:colcon.colcon_core.package_identification:Package 'src/phasespace_ros_node-main/phasespace_msgs' with type 'ros.ament_cmake' and name 'phasespace_msgs'
[0.169s] Level 1:colcon.colcon_core.package_discovery:discover_packages(recursive) using defaults
[0.169s] Level 1:colcon.colcon_core.package_discovery:discover_packages(ignore) discover
[0.169s] Level 1:colcon.colcon_core.package_discovery:discover_packages(ignore) using defaults
[0.169s] Level 1:colcon.colcon_core.package_discovery:discover_packages(path) discover
[0.169s] Level 1:colcon.colcon_core.package_discovery:discover_packages(path) using defaults
[0.182s] Level 1:colcon.colcon_core.package_discovery:discover_packages(prefix_path) check parameters
[0.182s] Level 1:colcon.colcon_core.package_discovery:discover_packages(prefix_path) discover
[0.182s] WARNING:colcon.colcon_ros.prefix_path.ament:The path '/home/lingfan/ros2_ws/install/phasespace_client' in the environment variable AMENT_PREFIX_PATH doesn't exist
[0.182s] WARNING:colcon.colcon_ros.prefix_path.ament:The path '/home/lingfan/ros2_ws/install/phasespace_msgs' in the environment variable AMENT_PREFIX_PATH doesn't exist
[0.182s] WARNING:colcon.colcon_ros.prefix_path.catkin:The path '/home/lingfan/ros2_ws/install/phasespace_client' in the environment variable CMAKE_PREFIX_PATH doesn't exist
[0.182s] WARNING:colcon.colcon_ros.prefix_path.catkin:The path '/home/lingfan/ros2_ws/install/phasespace_msgs' in the environment variable CMAKE_PREFIX_PATH doesn't exist
[0.183s] DEBUG:colcon.colcon_installed_package_information.package_discovery:Found 0 installed packages in /home/lingfan/ros2_ws/install
[0.183s] DEBUG:colcon.colcon_installed_package_information.package_discovery:Found 271 installed packages in /opt/ros/humble
[0.189s] Level 1:colcon.colcon_core.package_discovery:discover_packages(prefix_path) using defaults
[0.210s] Level 5:colcon.colcon_core.verb:set package 'phasespace_msgs' build argument 'cmake_args' from command line to 'None'
[0.210s] Level 5:colcon.colcon_core.verb:set package 'phasespace_msgs' build argument 'cmake_target' from command line to 'None'
[0.210s] Level 5:colcon.colcon_core.verb:set package 'phasespace_msgs' build argument 'cmake_target_skip_unavailable' from command line to 'False'
[0.210s] Level 5:colcon.colcon_core.verb:set package 'phasespace_msgs' build argument 'cmake_clean_cache' from command line to 'False'
[0.210s] Level 5:colcon.colcon_core.verb:set package 'phasespace_msgs' build argument 'cmake_clean_first' from command line to 'False'
[0.210s] Level 5:colcon.colcon_core.verb:set package 'phasespace_msgs' build argument 'cmake_force_configure' from command line to 'False'
[0.210s] Level 5:colcon.colcon_core.verb:set package 'phasespace_msgs' build argument 'ament_cmake_args' from command line to 'None'
[0.211s] Level 5:colcon.colcon_core.verb:set package 'phasespace_msgs' build argument 'catkin_cmake_args' from command line to 'None'
[0.211s] Level 5:colcon.colcon_core.verb:set package 'phasespace_msgs' build argument 'catkin_skip_building_tests' from command line to 'False'
[0.211s] DEBUG:colcon.colcon_core.verb:Building package 'phasespace_msgs' with the following arguments: {'ament_cmake_args': None, 'build_base': '/home/lingfan/ros2_ws/build/phasespace_msgs', 'catkin_cmake_args': None, 'catkin_skip_building_tests': False, 'cmake_args': None, 'cmake_clean_cache': False, 'cmake_clean_first': False, 'cmake_force_configure': False, 'cmake_target': None, 'cmake_target_skip_unavailable': False, 'install_base': '/home/lingfan/ros2_ws/install/phasespace_msgs', 'merge_install': False, 'path': '/home/lingfan/ros2_ws/src/phasespace_ros_node-main/phasespace_msgs', 'symlink_install': True, 'test_result_base': None}
[0.211s] Level 5:colcon.colcon_core.verb:set package 'phasespace_client' build argument 'cmake_args' from command line to 'None'
[0.211s] Level 5:colcon.colcon_core.verb:set package 'phasespace_client' build argument 'cmake_target' from command line to 'None'
[0.211s] Level 5:colcon.colcon_core.verb:set package 'phasespace_client' build argument 'cmake_target_skip_unavailable' from command line to 'False'
[0.211s] Level 5:colcon.colcon_core.verb:set package 'phasespace_client' build argument 'cmake_clean_cache' from command line to 'False'
[0.211s] Level 5:colcon.colcon_core.verb:set package 'phasespace_client' build argument 'cmake_clean_first' from command line to 'False'
[0.211s] Level 5:colcon.colcon_core.verb:set package 'phasespace_client' build argument 'cmake_force_configure' from command line to 'False'
[0.211s] Level 5:colcon.colcon_core.verb:set package 'phasespace_client' build argument 'ament_cmake_args' from command line to 'None'
[0.211s] Level 5:colcon.colcon_core.verb:set package 'phasespace_client' build argument 'catkin_cmake_args' from command line to 'None'
[0.211s] Level 5:colcon.colcon_core.verb:set package 'phasespace_client' build argument 'catkin_skip_building_tests' from command line to 'False'
[0.211s] DEBUG:colcon.colcon_core.verb:Building package 'phasespace_client' with the following arguments: {'ament_cmake_args': None, 'build_base': '/home/lingfan/ros2_ws/build/phasespace_client', 'catkin_cmake_args': None, 'catkin_skip_building_tests': False, 'cmake_args': None, 'cmake_clean_cache': False, 'cmake_clean_first': False, 'cmake_force_configure': False, 'cmake_target': None, 'cmake_target_skip_unavailable': False, 'install_base': '/home/lingfan/ros2_ws/install/phasespace_client', 'merge_install': False, 'path': '/home/lingfan/ros2_ws/src/phasespace_ros_node-main/phasespace_client', 'symlink_install': True, 'test_result_base': None}
[0.211s] INFO:colcon.colcon_core.executor:Executing jobs using 'parallel' executor
[0.213s] DEBUG:colcon.colcon_parallel_executor.executor.parallel:run_until_complete
[0.213s] INFO:colcon.colcon_ros.task.ament_cmake.build:Building ROS package in '/home/lingfan/ros2_ws/src/phasespace_ros_node-main/phasespace_msgs' with build type 'ament_cmake'
[0.213s] INFO:colcon.colcon_cmake.task.cmake.build:Building CMake package in '/home/lingfan/ros2_ws/src/phasespace_ros_node-main/phasespace_msgs'
[0.214s] INFO:colcon.colcon_core.plugin_system:Skipping extension 'colcon_core.shell.bat': Not used on non-Windows systems
[0.214s] INFO:colcon.colcon_core.shell:Skip shell extension 'powershell' for command environment: Not usable outside of PowerShell
[0.214s] DEBUG:colcon.colcon_core.shell:Skip shell extension 'dsv' for command environment
[0.220s] DEBUG:colcon.colcon_core.event_handler.log_command:Invoking command in '/home/lingfan/ros2_ws/build/phasespace_msgs': CMAKE_PREFIX_PATH=${CMAKE_PREFIX_PATH}:/opt/ros/humble /usr/bin/cmake /home/lingfan/ros2_ws/src/phasespace_ros_node-main/phasespace_msgs -DAMENT_CMAKE_SYMLINK_INSTALL=1 -DCMAKE_INSTALL_PREFIX=/home/lingfan/ros2_ws/install/phasespace_msgs
[1.493s] DEBUG:colcon.colcon_core.event_handler.log_command:Invoked command in '/home/lingfan/ros2_ws/build/phasespace_msgs' returned '0': CMAKE_PREFIX_PATH=${CMAKE_PREFIX_PATH}:/opt/ros/humble /usr/bin/cmake /home/lingfan/ros2_ws/src/phasespace_ros_node-main/phasespace_msgs -DAMENT_CMAKE_SYMLINK_INSTALL=1 -DCMAKE_INSTALL_PREFIX=/home/lingfan/ros2_ws/install/phasespace_msgs
[1.493s] DEBUG:colcon.colcon_core.event_handler.log_command:Invoking command in '/home/lingfan/ros2_ws/build/phasespace_msgs': CMAKE_PREFIX_PATH=${CMAKE_PREFIX_PATH}:/opt/ros/humble /usr/bin/cmake --build /home/lingfan/ros2_ws/build/phasespace_msgs -- -j16 -l16
[3.882s] DEBUG:colcon.colcon_core.event_handler.log_command:Invoked command in '/home/lingfan/ros2_ws/build/phasespace_msgs' returned '0': CMAKE_PREFIX_PATH=${CMAKE_PREFIX_PATH}:/opt/ros/humble /usr/bin/cmake --build /home/lingfan/ros2_ws/build/phasespace_msgs -- -j16 -l16
[3.895s] DEBUG:colcon.colcon_core.event_handler.log_command:Invoking command in '/home/lingfan/ros2_ws/build/phasespace_msgs': CMAKE_PREFIX_PATH=${CMAKE_PREFIX_PATH}:/opt/ros/humble /usr/bin/cmake --install /home/lingfan/ros2_ws/build/phasespace_msgs
[5.465s] Level 1:colcon.colcon_core.environment:create_environment_scripts_only(phasespace_msgs)
[5.465s] DEBUG:colcon.colcon_core.event_handler.log_command:Invoked command in '/home/lingfan/ros2_ws/build/phasespace_msgs' returned '0': CMAKE_PREFIX_PATH=${CMAKE_PREFIX_PATH}:/opt/ros/humble /usr/bin/cmake --install /home/lingfan/ros2_ws/build/phasespace_msgs
[5.466s] Level 1:colcon.colcon_core.environment:checking '/home/lingfan/ros2_ws/install/phasespace_msgs' for CMake module files
[5.467s] Level 1:colcon.colcon_core.environment:checking '/home/lingfan/ros2_ws/install/phasespace_msgs' for CMake config files
[5.467s] Level 1:colcon.colcon_core.shell:create_environment_hook('phasespace_msgs', 'cmake_prefix_path')
[5.467s] INFO:colcon.colcon_core.shell:Creating environment hook '/home/lingfan/ros2_ws/install/phasespace_msgs/share/phasespace_msgs/hook/cmake_prefix_path.ps1'
[5.468s] INFO:colcon.colcon_core.shell:Creating environment descriptor '/home/lingfan/ros2_ws/install/phasespace_msgs/share/phasespace_msgs/hook/cmake_prefix_path.dsv'
[5.468s] INFO:colcon.colcon_core.shell:Creating environment hook '/home/lingfan/ros2_ws/install/phasespace_msgs/share/phasespace_msgs/hook/cmake_prefix_path.sh'
[5.468s] Level 1:colcon.colcon_core.environment:checking '/home/lingfan/ros2_ws/install/phasespace_msgs/lib'
[5.469s] Level 1:colcon.colcon_core.shell:create_environment_hook('phasespace_msgs', 'ld_library_path_lib')
[5.469s] INFO:colcon.colcon_core.shell:Creating environment hook '/home/lingfan/ros2_ws/install/phasespace_msgs/share/phasespace_msgs/hook/ld_library_path_lib.ps1'
[5.469s] INFO:colcon.colcon_core.shell:Creating environment descriptor '/home/lingfan/ros2_ws/install/phasespace_msgs/share/phasespace_msgs/hook/ld_library_path_lib.dsv'
[5.469s] INFO:colcon.colcon_core.shell:Creating environment hook '/home/lingfan/ros2_ws/install/phasespace_msgs/share/phasespace_msgs/hook/ld_library_path_lib.sh'
[5.469s] Level 1:colcon.colcon_core.environment:checking '/home/lingfan/ros2_ws/install/phasespace_msgs/bin'
[5.469s] Level 1:colcon.colcon_core.environment:checking '/home/lingfan/ros2_ws/install/phasespace_msgs/lib/pkgconfig/phasespace_msgs.pc'
[5.469s] Level 1:colcon.colcon_core.environment:checking '/home/lingfan/ros2_ws/install/phasespace_msgs/lib/python3.10/site-packages'
[5.470s] Level 1:colcon.colcon_core.environment:checking '/home/lingfan/ros2_ws/install/phasespace_msgs/bin'
[5.470s] INFO:colcon.colcon_core.shell:Creating package script '/home/lingfan/ros2_ws/install/phasespace_msgs/share/phasespace_msgs/package.ps1'
[5.470s] INFO:colcon.colcon_core.shell:Creating package descriptor '/home/lingfan/ros2_ws/install/phasespace_msgs/share/phasespace_msgs/package.dsv'
[5.470s] INFO:colcon.colcon_core.shell:Creating package script '/home/lingfan/ros2_ws/install/phasespace_msgs/share/phasespace_msgs/package.sh'
[5.471s] INFO:colcon.colcon_core.shell:Creating package script '/home/lingfan/ros2_ws/install/phasespace_msgs/share/phasespace_msgs/package.bash'
[5.471s] INFO:colcon.colcon_core.shell:Creating package script '/home/lingfan/ros2_ws/install/phasespace_msgs/share/phasespace_msgs/package.zsh'
[5.471s] Level 1:colcon.colcon_core.environment:create_file_with_runtime_dependencies(/home/lingfan/ros2_ws/install/phasespace_msgs/share/colcon-core/packages/phasespace_msgs)
[5.472s] Level 1:colcon.colcon_core.environment:create_environment_scripts_only(phasespace_msgs)
[5.472s] Level 1:colcon.colcon_core.environment:checking '/home/lingfan/ros2_ws/install/phasespace_msgs' for CMake module files
[5.472s] Level 1:colcon.colcon_core.environment:checking '/home/lingfan/ros2_ws/install/phasespace_msgs' for CMake config files
[5.473s] Level 1:colcon.colcon_core.shell:create_environment_hook('phasespace_msgs', 'cmake_prefix_path')
[5.473s] INFO:colcon.colcon_core.shell:Creating environment hook '/home/lingfan/ros2_ws/install/phasespace_msgs/share/phasespace_msgs/hook/cmake_prefix_path.ps1'
[5.473s] INFO:colcon.colcon_core.shell:Creating environment descriptor '/home/lingfan/ros2_ws/install/phasespace_msgs/share/phasespace_msgs/hook/cmake_prefix_path.dsv'
[5.474s] INFO:colcon.colcon_core.shell:Creating environment hook '/home/lingfan/ros2_ws/install/phasespace_msgs/share/phasespace_msgs/hook/cmake_prefix_path.sh'
[5.474s] Level 1:colcon.colcon_core.environment:checking '/home/lingfan/ros2_ws/install/phasespace_msgs/lib'
[5.474s] Level 1:colcon.colcon_core.shell:create_environment_hook('phasespace_msgs', 'ld_library_path_lib')
[5.474s] INFO:colcon.colcon_core.shell:Creating environment hook '/home/lingfan/ros2_ws/install/phasespace_msgs/share/phasespace_msgs/hook/ld_library_path_lib.ps1'
[5.474s] INFO:colcon.colcon_core.shell:Creating environment descriptor '/home/lingfan/ros2_ws/install/phasespace_msgs/share/phasespace_msgs/hook/ld_library_path_lib.dsv'
[5.474s] INFO:colcon.colcon_core.shell:Creating environment hook '/home/lingfan/ros2_ws/install/phasespace_msgs/share/phasespace_msgs/hook/ld_library_path_lib.sh'
[5.475s] Level 1:colcon.colcon_core.environment:checking '/home/lingfan/ros2_ws/install/phasespace_msgs/bin'
[5.475s] Level 1:colcon.colcon_core.environment:checking '/home/lingfan/ros2_ws/install/phasespace_msgs/lib/pkgconfig/phasespace_msgs.pc'
[5.475s] Level 1:colcon.colcon_core.environment:checking '/home/lingfan/ros2_ws/install/phasespace_msgs/lib/python3.10/site-packages'
[5.475s] Level 1:colcon.colcon_core.environment:checking '/home/lingfan/ros2_ws/install/phasespace_msgs/bin'
[5.475s] INFO:colcon.colcon_core.shell:Creating package script '/home/lingfan/ros2_ws/install/phasespace_msgs/share/phasespace_msgs/package.ps1'
[5.475s] INFO:colcon.colcon_core.shell:Creating package descriptor '/home/lingfan/ros2_ws/install/phasespace_msgs/share/phasespace_msgs/package.dsv'
[5.476s] INFO:colcon.colcon_core.shell:Creating package script '/home/lingfan/ros2_ws/install/phasespace_msgs/share/phasespace_msgs/package.sh'
[5.476s] INFO:colcon.colcon_core.shell:Creating package script '/home/lingfan/ros2_ws/install/phasespace_msgs/share/phasespace_msgs/package.bash'
[5.476s] INFO:colcon.colcon_core.shell:Creating package script '/home/lingfan/ros2_ws/install/phasespace_msgs/share/phasespace_msgs/package.zsh'
[5.476s] Level 1:colcon.colcon_core.environment:create_file_with_runtime_dependencies(/home/lingfan/ros2_ws/install/phasespace_msgs/share/colcon-core/packages/phasespace_msgs)
[5.476s] INFO:colcon.colcon_ros.task.ament_cmake.build:Building ROS package in '/home/lingfan/ros2_ws/src/phasespace_ros_node-main/phasespace_client' with build type 'ament_cmake'
[5.477s] INFO:colcon.colcon_cmake.task.cmake.build:Building CMake package in '/home/lingfan/ros2_ws/src/phasespace_ros_node-main/phasespace_client'
[5.477s] INFO:colcon.colcon_core.shell:Skip shell extension 'powershell' for command environment: Not usable outside of PowerShell
[5.477s] DEBUG:colcon.colcon_core.shell:Skip shell extension 'dsv' for command environment
[5.483s] DEBUG:colcon.colcon_core.event_handler.log_command:Invoking command in '/home/lingfan/ros2_ws/build/phasespace_client': CMAKE_PREFIX_PATH=/home/lingfan/ros2_ws/install/phasespace_msgs:/home/lingfan/ros2_ws/install/phasespace_client:/opt/ros/humble /usr/bin/cmake /home/lingfan/ros2_ws/src/phasespace_ros_node-main/phasespace_client -DAMENT_CMAKE_SYMLINK_INSTALL=1 -DCMAKE_INSTALL_PREFIX=/home/lingfan/ros2_ws/install/phasespace_client
[6.468s] DEBUG:colcon.colcon_core.event_handler.log_command:Invoked command in '/home/lingfan/ros2_ws/build/phasespace_client' returned '0': CMAKE_PREFIX_PATH=/home/lingfan/ros2_ws/install/phasespace_msgs:/home/lingfan/ros2_ws/install/phasespace_client:/opt/ros/humble /usr/bin/cmake /home/lingfan/ros2_ws/src/phasespace_ros_node-main/phasespace_client -DAMENT_CMAKE_SYMLINK_INSTALL=1 -DCMAKE_INSTALL_PREFIX=/home/lingfan/ros2_ws/install/phasespace_client
[6.468s] DEBUG:colcon.colcon_core.event_handler.log_command:Invoking command in '/home/lingfan/ros2_ws/build/phasespace_client': CMAKE_PREFIX_PATH=/home/lingfan/ros2_ws/install/phasespace_msgs:/home/lingfan/ros2_ws/install/phasespace_client:/opt/ros/humble /usr/bin/cmake --build /home/lingfan/ros2_ws/build/phasespace_client -- -j16 -l16
[18.555s] DEBUG:colcon.colcon_core.event_handler.log_command:Invoked command in '/home/lingfan/ros2_ws/build/phasespace_client' returned '0': CMAKE_PREFIX_PATH=/home/lingfan/ros2_ws/install/phasespace_msgs:/home/lingfan/ros2_ws/install/phasespace_client:/opt/ros/humble /usr/bin/cmake --build /home/lingfan/ros2_ws/build/phasespace_client -- -j16 -l16
[18.555s] DEBUG:colcon.colcon_core.event_handler.log_command:Invoking command in '/home/lingfan/ros2_ws/build/phasespace_client': CMAKE_PREFIX_PATH=/home/lingfan/ros2_ws/install/phasespace_msgs:/home/lingfan/ros2_ws/install/phasespace_client:/opt/ros/humble /usr/bin/cmake --install /home/lingfan/ros2_ws/build/phasespace_client
[18.728s] Level 1:colcon.colcon_core.environment:create_environment_scripts_only(phasespace_client)
[18.728s] Level 1:colcon.colcon_core.environment:checking '/home/lingfan/ros2_ws/install/phasespace_client' for CMake module files
[18.729s] DEBUG:colcon.colcon_core.event_handler.log_command:Invoked command in '/home/lingfan/ros2_ws/build/phasespace_client' returned '0': CMAKE_PREFIX_PATH=/home/lingfan/ros2_ws/install/phasespace_msgs:/home/lingfan/ros2_ws/install/phasespace_client:/opt/ros/humble /usr/bin/cmake --install /home/lingfan/ros2_ws/build/phasespace_client
[18.729s] Level 1:colcon.colcon_core.environment:checking '/home/lingfan/ros2_ws/install/phasespace_client' for CMake config files
[18.729s] Level 1:colcon.colcon_core.shell:create_environment_hook('phasespace_client', 'cmake_prefix_path')
[18.729s] INFO:colcon.colcon_core.shell:Creating environment hook '/home/lingfan/ros2_ws/install/phasespace_client/share/phasespace_client/hook/cmake_prefix_path.ps1'
[18.730s] INFO:colcon.colcon_core.shell:Creating environment descriptor '/home/lingfan/ros2_ws/install/phasespace_client/share/phasespace_client/hook/cmake_prefix_path.dsv'
[18.730s] INFO:colcon.colcon_core.shell:Creating environment hook '/home/lingfan/ros2_ws/install/phasespace_client/share/phasespace_client/hook/cmake_prefix_path.sh'
[18.730s] Level 1:colcon.colcon_core.environment:checking '/home/lingfan/ros2_ws/install/phasespace_client/lib'
[18.730s] Level 1:colcon.colcon_core.environment:checking '/home/lingfan/ros2_ws/install/phasespace_client/bin'
[18.730s] Level 1:colcon.colcon_core.environment:checking '/home/lingfan/ros2_ws/install/phasespace_client/lib/pkgconfig/phasespace_client.pc'
[18.731s] Level 1:colcon.colcon_core.environment:checking '/home/lingfan/ros2_ws/install/phasespace_client/lib/python3.10/site-packages'
[18.731s] Level 1:colcon.colcon_core.environment:checking '/home/lingfan/ros2_ws/install/phasespace_client/bin'
[18.731s] INFO:colcon.colcon_core.shell:Creating package script '/home/lingfan/ros2_ws/install/phasespace_client/share/phasespace_client/package.ps1'
[18.731s] INFO:colcon.colcon_core.shell:Creating package descriptor '/home/lingfan/ros2_ws/install/phasespace_client/share/phasespace_client/package.dsv'
[18.732s] INFO:colcon.colcon_core.shell:Creating package script '/home/lingfan/ros2_ws/install/phasespace_client/share/phasespace_client/package.sh'
[18.732s] INFO:colcon.colcon_core.shell:Creating package script '/home/lingfan/ros2_ws/install/phasespace_client/share/phasespace_client/package.bash'
[18.732s] INFO:colcon.colcon_core.shell:Creating package script '/home/lingfan/ros2_ws/install/phasespace_client/share/phasespace_client/package.zsh'
[18.733s] Level 1:colcon.colcon_core.environment:create_file_with_runtime_dependencies(/home/lingfan/ros2_ws/install/phasespace_client/share/colcon-core/packages/phasespace_client)
[18.733s] Level 1:colcon.colcon_core.environment:create_environment_scripts_only(phasespace_client)
[18.733s] Level 1:colcon.colcon_core.environment:checking '/home/lingfan/ros2_ws/install/phasespace_client' for CMake module files
[18.734s] Level 1:colcon.colcon_core.environment:checking '/home/lingfan/ros2_ws/install/phasespace_client' for CMake config files
[18.734s] Level 1:colcon.colcon_core.shell:create_environment_hook('phasespace_client', 'cmake_prefix_path')
[18.734s] INFO:colcon.colcon_core.shell:Creating environment hook '/home/lingfan/ros2_ws/install/phasespace_client/share/phasespace_client/hook/cmake_prefix_path.ps1'
[18.735s] INFO:colcon.colcon_core.shell:Creating environment descriptor '/home/lingfan/ros2_ws/install/phasespace_client/share/phasespace_client/hook/cmake_prefix_path.dsv'
[18.735s] INFO:colcon.colcon_core.shell:Creating environment hook '/home/lingfan/ros2_ws/install/phasespace_client/share/phasespace_client/hook/cmake_prefix_path.sh'
[18.736s] Level 1:colcon.colcon_core.environment:checking '/home/lingfan/ros2_ws/install/phasespace_client/lib'
[18.736s] Level 1:colcon.colcon_core.environment:checking '/home/lingfan/ros2_ws/install/phasespace_client/bin'
[18.736s] Level 1:colcon.colcon_core.environment:checking '/home/lingfan/ros2_ws/install/phasespace_client/lib/pkgconfig/phasespace_client.pc'
[18.736s] Level 1:colcon.colcon_core.environment:checking '/home/lingfan/ros2_ws/install/phasespace_client/lib/python3.10/site-packages'
[18.736s] Level 1:colcon.colcon_core.environment:checking '/home/lingfan/ros2_ws/install/phasespace_client/bin'
[18.737s] INFO:colcon.colcon_core.shell:Creating package script '/home/lingfan/ros2_ws/install/phasespace_client/share/phasespace_client/package.ps1'
[18.737s] INFO:colcon.colcon_core.shell:Creating package descriptor '/home/lingfan/ros2_ws/install/phasespace_client/share/phasespace_client/package.dsv'
[18.738s] INFO:colcon.colcon_core.shell:Creating package script '/home/lingfan/ros2_ws/install/phasespace_client/share/phasespace_client/package.sh'
[18.738s] INFO:colcon.colcon_core.shell:Creating package script '/home/lingfan/ros2_ws/install/phasespace_client/share/phasespace_client/package.bash'
[18.739s] INFO:colcon.colcon_core.shell:Creating package script '/home/lingfan/ros2_ws/install/phasespace_client/share/phasespace_client/package.zsh'
[18.739s] Level 1:colcon.colcon_core.environment:create_file_with_runtime_dependencies(/home/lingfan/ros2_ws/install/phasespace_client/share/colcon-core/packages/phasespace_client)
[18.739s] DEBUG:colcon.colcon_parallel_executor.executor.parallel:closing loop
[18.740s] DEBUG:colcon.colcon_parallel_executor.executor.parallel:loop closed
[18.740s] DEBUG:colcon.colcon_parallel_executor.executor.parallel:run_until_complete finished with '0'
[18.740s] DEBUG:colcon.colcon_core.event_reactor:joining thread
[18.746s] INFO:colcon.colcon_core.plugin_system:Skipping extension 'colcon_notification.desktop_notification.terminal_notifier': Not used on non-Darwin systems
[18.746s] INFO:colcon.colcon_core.plugin_system:Skipping extension 'colcon_notification.desktop_notification.win32': Not used on non-Windows systems
[18.747s] INFO:colcon.colcon_notification.desktop_notification:Sending desktop notification using 'notify2'
[18.761s] DEBUG:colcon.colcon_core.event_reactor:joined thread
[18.761s] INFO:colcon.colcon_core.shell:Creating prefix script '/home/lingfan/ros2_ws/install/local_setup.ps1'
[18.763s] INFO:colcon.colcon_core.shell:Creating prefix util module '/home/lingfan/ros2_ws/install/_local_setup_util_ps1.py'
[18.764s] INFO:colcon.colcon_core.shell:Creating prefix chain script '/home/lingfan/ros2_ws/install/setup.ps1'
[18.765s] INFO:colcon.colcon_core.shell:Creating prefix script '/home/lingfan/ros2_ws/install/local_setup.sh'
[18.765s] INFO:colcon.colcon_core.shell:Creating prefix util module '/home/lingfan/ros2_ws/install/_local_setup_util_sh.py'
[18.766s] INFO:colcon.colcon_core.shell:Creating prefix chain script '/home/lingfan/ros2_ws/install/setup.sh'
[18.767s] INFO:colcon.colcon_core.shell:Creating prefix script '/home/lingfan/ros2_ws/install/local_setup.bash'
[18.767s] INFO:colcon.colcon_core.shell:Creating prefix chain script '/home/lingfan/ros2_ws/install/setup.bash'
[18.768s] INFO:colcon.colcon_core.shell:Creating prefix script '/home/lingfan/ros2_ws/install/local_setup.zsh'
[18.768s] INFO:colcon.colcon_core.shell:Creating prefix chain script '/home/lingfan/ros2_ws/install/setup.zsh'
